/var/spool/slurm/slurmd/state/job53440846/slurm_script: line 4: abaqus: command not found
